
### Test Solve Empty
== begin <simplex env> ========================================
on integers ? false
--- values of non-basic ---------------------------
---------------------------------------------------
--- values of basic -------------------------------
---------------------------------------------------
--- matrix ----------------------------------------
---------------------------------------------------
--- sets of uses ----------------------------------
---------------------------------------------------
--- basic variables in fixme ----------------------
  (fixme is empty)
---------------------------------------------------
--- simplex status --------------------------------
Sat:


== end <simplex env> ==========================================
