
### Test Solve Empty
== begin <simplex env> ========================================
on integers ? false
--- values of non-basic ---------------------------
---------------------------------------------------
--- values of basic -------------------------------
---------------------------------------------------
--- matrix ----------------------------------------
---------------------------------------------------
--- sets of uses ----------------------------------
---------------------------------------------------
--- basic variables in fixme ----------------------
  (fixme is empty)
---------------------------------------------------
--- simplex status --------------------------------
Sat:


== end <simplex env> ==========================================

### Test Solve Unsat
== begin <simplex env> ========================================
on integers ? true
--- values of non-basic ---------------------------
0 <=   [ x == 0 ]   < +∞   (computed OK       ) (flag OK       )
0 <=   [ y == 0 ]   < +∞   (computed OK       ) (flag OK       )
---------------------------------------------------
--- values of basic -------------------------------
---------------------------------------------------
-∞ <   [ z == 0 ]   <= -1   (computed KO(Upper)) (flag KO(Upper))
--- matrix ----------------------------------------
z = (1) * x + (1) * y
---------------------------------------------------
--- sets of uses ----------------------------------
variables that use x are: z,
variables that use y are: z,
---------------------------------------------------
--- basic variables in fixme ----------------------
  (fixme is empty)
---------------------------------------------------
--- simplex status --------------------------------
Unsat:x+y<=-1, x>=0, y>=0

== end <simplex env> ==========================================
### Problem 'max (1) * x + (1) * y'
== begin <simplex env> ========================================
on integers ? true
--- values of non-basic ---------------------------
-∞ <   [ s == 10 ]   <= 10   (computed OK       ) (flag OK       )
-∞ <   [ y == 0 ]   < +∞   (computed OK       ) (flag OK       )
---------------------------------------------------
--- values of basic -------------------------------
---------------------------------------------------
3 <=   [ x == 10 ]   < +∞   (computed OK       ) (flag OK       )
--- matrix ----------------------------------------
x = (1) * s + (-1) * y
---------------------------------------------------
--- sets of uses ----------------------------------
variables that use s are: x,
variables that use y are: x,
---------------------------------------------------
--- basic variables in fixme ----------------------
  (fixme is empty)
---------------------------------------------------
--- simplex status --------------------------------
Max: (v=10, is_le=true, ex=x+y<=10)
  (int solution ? true)
  x --> 10
  y --> 0
  s --> 10


== end <simplex env> ==========================================
### Problem 'max (1) * y'
== begin <simplex env> ========================================
on integers ? true
--- values of non-basic ---------------------------
-∞ <   [ s == 10 ]   <= 10   (computed OK       ) (flag OK       )
3 <=   [ x == 3 ]   < +∞   (computed OK       ) (flag OK       )
---------------------------------------------------
--- values of basic -------------------------------
---------------------------------------------------
-∞ <   [ y == 7 ]   < +∞   (computed OK       ) (flag OK       )
--- matrix ----------------------------------------
y = (1) * s + (-1) * x
---------------------------------------------------
--- sets of uses ----------------------------------
variables that use s are: y,
variables that use x are: y,
---------------------------------------------------
--- basic variables in fixme ----------------------
  (fixme is empty)
---------------------------------------------------
--- simplex status --------------------------------
Max: (v=7, is_le=true, ex=x+y<=10, x>=3)
  (int solution ? true)
  y --> 7
  x --> 3
  s --> 10


== end <simplex env> ==========================================
### Problem 'max (-1) * y'
== begin <simplex env> ========================================
on integers ? true
--- values of non-basic ---------------------------
3 <=   [ x == 3 ]   < +∞   (computed OK       ) (flag OK       )
-∞ <   [ y == 0 ]   < +∞   (computed OK       ) (flag OK       )
---------------------------------------------------
--- values of basic -------------------------------
---------------------------------------------------
-∞ <   [ s == 3 ]   <= 10   (computed OK       ) (flag OK       )
--- matrix ----------------------------------------
s = (1) * x + (1) * y
---------------------------------------------------
--- sets of uses ----------------------------------
variables that use x are: s,
variables that use y are: s,
---------------------------------------------------
--- basic variables in fixme ----------------------
  (fixme is empty)
---------------------------------------------------
--- simplex status --------------------------------
Unbounded:
  (int solution ? true)
  y --> 0
  x --> 3
  s --> 3


== end <simplex env> ==========================================
