
### Test Solve Unsat
== begin <simplex env> ========================================
on integers ? true
--- values of non-basic ---------------------------
0 <=   [ x == (0 , 0) ]   < +inf   (computed OK       ) (flag OK       )
0 <=   [ y == (0 , 0) ]   < +inf   (computed OK       ) (flag OK       )
---------------------------------------------------
--- values of basic -------------------------------
---------------------------------------------------
-inf <   [ z == (0 , 0) ]   <= -1   (computed KO(Upper)) (flag KO(Upper))
--- matrix ----------------------------------------
z = (1) * x + (1) * y
---------------------------------------------------
--- sets of uses ----------------------------------
variables that use x are: z,
variables that use y are: z,
---------------------------------------------------
--- basic variables in fixme ----------------------
  (fixme is empty)
---------------------------------------------------
--- simplex status --------------------------------
Unsat:x+y<=-1, x>=0, y>=0

== end <simplex env> ==========================================
